#! /c/Source/iverilog-install/bin/vvp
:ivl_version "12.0 (devel)" "(s20150603-1539-g2693dd32b)";
:ivl_delay_selection "TYPICAL";
:vpi_time_precision + 0;
:vpi_module "C:\iverilog\lib\ivl\system.vpi";
:vpi_module "C:\iverilog\lib\ivl\vhdl_sys.vpi";
:vpi_module "C:\iverilog\lib\ivl\vhdl_textio.vpi";
:vpi_module "C:\iverilog\lib\ivl\v2005_math.vpi";
:vpi_module "C:\iverilog\lib\ivl\va_math.vpi";
S_000001f8945846c0 .scope module, "uart_final_tb" "uart_final_tb" 2 1;
 .timescale 0 0;
v000001f894601d20_0 .var "clk", 0 0;
v000001f8946015a0_0 .var/i "fail", 31 0;
v000001f894602ae0_0 .var/i "i", 31 0;
v000001f894602720_0 .var/i "pass", 31 0;
v000001f894601500_0 .var "reset", 0 0;
v000001f894601640_0 .net "rx_data", 7 0, v000001f89453d3b0_0;  1 drivers
v000001f894601f00_0 .net "rx_done", 0 0, v000001f89459d680_0;  1 drivers
v000001f8946018c0_0 .var "tx_data", 7 0;
v000001f894602e00_0 .net "tx_done", 0 0, v000001f894600db0_0;  1 drivers
v000001f8946010a0_0 .var "tx_start", 0 0;
S_000001f8945add90 .scope task, "sending_byte" "sending_byte" 2 27, 2 27 0, S_000001f8945846c0;
 .timescale 0 0;
v000001f894584400_0 .var "byte", 7 0;
E_000001f8945a9d50 .event anyedge, v000001f89459d680_0;
E_000001f8945a9ed0 .event posedge, v000001f89457d4a0_0;
TD_uart_final_tb.sending_byte ;
    %load/vec4 v000001f894584400_0;
    %store/vec4 v000001f8946018c0_0, 0, 8;
    %wait E_000001f8945a9ed0;
    %pushi/vec4 1, 0, 1;
    %store/vec4 v000001f8946010a0_0, 0, 1;
    %wait E_000001f8945a9ed0;
    %pushi/vec4 0, 0, 1;
    %store/vec4 v000001f8946010a0_0, 0, 1;
T_0.0 ;
    %load/vec4 v000001f894601f00_0;
    %pad/u 32;
    %pushi/vec4 1, 0, 32;
    %cmp/e;
    %flag_get/vec4 4;
    %cmpi/ne 1, 0, 1;
    %jmp/0xz T_0.1, 6;
    %wait E_000001f8945a9d50;
    %jmp T_0.0;
T_0.1 ;
    %pushi/vec4 5, 0, 32;
T_0.2 %dup/vec4;
    %pushi/vec4 0, 0, 32;
    %cmp/s;
    %jmp/1xz T_0.3, 5;
    %jmp/1 T_0.3, 4;
    %pushi/vec4 1, 0, 32;
    %sub;
    %wait E_000001f8945a9ed0;
    %jmp T_0.2;
T_0.3 ;
    %pop/vec4 1;
    %end;
S_000001f894584a60 .scope module, "uut" "uart_topblock" 2 19, 3 1 0, S_000001f8945846c0;
 .timescale 0 0;
    .port_info 0 /INPUT 1 "clk";
    .port_info 1 /INPUT 1 "reset";
    .port_info 2 /INPUT 1 "tx_start";
    .port_info 3 /INPUT 8 "tx_data";
    .port_info 4 /OUTPUT 8 "rx_data";
    .port_info 5 /OUTPUT 1 "tx_done";
    .port_info 6 /OUTPUT 1 "rx_done";
P_000001f8945a9510 .param/l "clk_bits" 0 3 2, +C4<00000000000000000000000001000000>;
v000001f894600270_0 .net "clk", 0 0, v000001f894601d20_0;  1 drivers
v000001f894600130_0 .net "reset", 0 0, v000001f894601500_0;  1 drivers
v000001f8946001d0_0 .net "rx_data", 7 0, v000001f89453d3b0_0;  alias, 1 drivers
v000001f894600310_0 .net "rx_done", 0 0, v000001f89459d680_0;  alias, 1 drivers
v000001f8946003b0_0 .net "rx_tick", 0 0, v000001f89457f210_0;  1 drivers
v000001f8946009f0_0 .net "serial_line", 0 0, v000001f894600e50_0;  1 drivers
v000001f894600450_0 .net "tx_data", 7 0, v000001f8946018c0_0;  1 drivers
v000001f894600a90_0 .net "tx_done", 0 0, v000001f894600db0_0;  alias, 1 drivers
v000001f894600630_0 .net "tx_start", 0 0, v000001f8946010a0_0;  1 drivers
v000001f894600b30_0 .net "tx_tick", 0 0, v000001f894600ef0_0;  1 drivers
S_000001f89453cff0 .scope module, "rx_baud" "baud_rate_gen" 3 13, 4 1 0, S_000001f894584a60;
 .timescale 0 0;
    .port_info 0 /INPUT 1 "clk";
    .port_info 1 /INPUT 1 "rst";
    .port_info 2 /OUTPUT 1 "baud_tick";
P_000001f8945a9f50 .param/l "divisor" 0 4 2, +C4<00000000000000000000000000000100>;
v000001f89457f210_0 .var "baud_tick", 0 0;
v000001f89457d4a0_0 .net "clk", 0 0, v000001f894601d20_0;  alias, 1 drivers
v000001f89457d950_0 .var "count", 1 0;
v000001f89457b200_0 .net "rst", 0 0, v000001f894601500_0;  alias, 1 drivers
S_000001f89453d180 .scope module, "rx_inst" "receiver" 3 19, 5 1 0, S_000001f894584a60;
 .timescale 0 0;
    .port_info 0 /INPUT 1 "clk";
    .port_info 1 /INPUT 1 "reset";
    .port_info 2 /INPUT 1 "rx";
    .port_info 3 /INPUT 1 "baud_tick";
    .port_info 4 /OUTPUT 8 "data_out";
    .port_info 5 /OUTPUT 1 "busy";
    .port_info 6 /OUTPUT 1 "done";
P_000001f89459d4f0 .param/l "data" 1 5 13, +C4<00000000000000000000000000000010>;
P_000001f89459d528 .param/l "data_bits" 0 5 2, +C4<00000000000000000000000000001000>;
P_000001f89459d560 .param/l "full_tick" 1 5 16, +C4<00000000000000000000000000001111>;
P_000001f89459d598 .param/l "half_tick" 1 5 15, +C4<00000000000000000000000000000111>;
P_000001f89459d5d0 .param/l "idle" 1 5 11, +C4<00000000000000000000000000000000>;
P_000001f89459d608 .param/l "start" 1 5 12, +C4<00000000000000000000000000000001>;
P_000001f89459d640 .param/l "stop" 1 5 14, +C4<00000000000000000000000000000011>;
v000001f89457c2b0_0 .net "baud_tick", 0 0, v000001f89457f210_0;  alias, 1 drivers
v000001f894584bf0_0 .var "bit_count", 2 0;
v000001f894584c90_0 .var "busy", 0 0;
v000001f89453d310_0 .net "clk", 0 0, v000001f894601d20_0;  alias, 1 drivers
v000001f89453d3b0_0 .var "data_out", 7 0;
v000001f89459d680_0 .var "done", 0 0;
v000001f89459d720_0 .net "reset", 0 0, v000001f894601500_0;  alias, 1 drivers
v000001f89459d7c0_0 .net "rx", 0 0, v000001f894600e50_0;  alias, 1 drivers
v000001f89459d860_0 .var "shift_reg", 7 0;
v000001f89458fc60_0 .var "state", 1 0;
v000001f894600f90_0 .var "tick_count", 3 0;
S_000001f89458fd00 .scope module, "tx_baud" "baud_rate_gen" 3 10, 4 1 0, S_000001f894584a60;
 .timescale 0 0;
    .port_info 0 /INPUT 1 "clk";
    .port_info 1 /INPUT 1 "rst";
    .port_info 2 /OUTPUT 1 "baud_tick";
P_000001f8945a9c90 .param/l "divisor" 0 4 2, +C4<00000000000000000000000001000000>;
v000001f894600ef0_0 .var "baud_tick", 0 0;
v000001f894600090_0 .net "clk", 0 0, v000001f894601d20_0;  alias, 1 drivers
v000001f8946008b0_0 .var "count", 5 0;
v000001f894600bd0_0 .net "rst", 0 0, v000001f894601500_0;  alias, 1 drivers
S_000001f89458fe90 .scope module, "tx_inst" "transmitter" 3 16, 6 1 0, S_000001f894584a60;
 .timescale 0 0;
    .port_info 0 /INPUT 1 "clk";
    .port_info 1 /INPUT 1 "reset";
    .port_info 2 /INPUT 1 "tx_start";
    .port_info 3 /INPUT 8 "data";
    .port_info 4 /INPUT 1 "baud_tick";
    .port_info 5 /OUTPUT 1 "busy";
    .port_info 6 /OUTPUT 1 "done";
    .port_info 7 /OUTPUT 1 "tx_serial_out";
v000001f894600590_0 .net "baud_tick", 0 0, v000001f894600ef0_0;  alias, 1 drivers
v000001f8946004f0_0 .var "busy", 0 0;
v000001f8946006d0_0 .net "clk", 0 0, v000001f894601d20_0;  alias, 1 drivers
v000001f894600d10_0 .var "count", 3 0;
v000001f894600c70_0 .net "data", 7 0, v000001f8946018c0_0;  alias, 1 drivers
v000001f894600db0_0 .var "done", 0 0;
v000001f894600770_0 .var "frame", 9 0;
v000001f894600810_0 .net "reset", 0 0, v000001f894601500_0;  alias, 1 drivers
v000001f894600e50_0 .var "tx_serial_out", 0 0;
v000001f894600950_0 .net "tx_start", 0 0, v000001f8946010a0_0;  alias, 1 drivers
    .scope S_000001f89458fd00;
T_1 ;
    %wait E_000001f8945a9ed0;
    %load/vec4 v000001f894600bd0_0;
    %flag_set/vec4 8;
    %jmp/0xz  T_1.0, 8;
    %pushi/vec4 0, 0, 6;
    %assign/vec4 v000001f8946008b0_0, 0;
    %pushi/vec4 0, 0, 1;
    %assign/vec4 v000001f894600ef0_0, 0;
    %jmp T_1.1;
T_1.0 ;
    %load/vec4 v000001f8946008b0_0;
    %pad/u 32;
    %cmpi/ne 63, 0, 32;
    %jmp/0xz  T_1.2, 4;
    %load/vec4 v000001f8946008b0_0;
    %addi 1, 0, 6;
    %assign/vec4 v000001f8946008b0_0, 0;
    %pushi/vec4 0, 0, 1;
    %assign/vec4 v000001f894600ef0_0, 0;
    %jmp T_1.3;
T_1.2 ;
    %pushi/vec4 0, 0, 6;
    %assign/vec4 v000001f8946008b0_0, 0;
    %pushi/vec4 1, 0, 1;
    %assign/vec4 v000001f894600ef0_0, 0;
T_1.3 ;
T_1.1 ;
    %jmp T_1;
    .thread T_1;
    .scope S_000001f89453cff0;
T_2 ;
    %wait E_000001f8945a9ed0;
    %load/vec4 v000001f89457b200_0;
    %flag_set/vec4 8;
    %jmp/0xz  T_2.0, 8;
    %pushi/vec4 0, 0, 2;
    %assign/vec4 v000001f89457d950_0, 0;
    %pushi/vec4 0, 0, 1;
    %assign/vec4 v000001f89457f210_0, 0;
    %jmp T_2.1;
T_2.0 ;
    %load/vec4 v000001f89457d950_0;
    %pad/u 32;
    %cmpi/ne 3, 0, 32;
    %jmp/0xz  T_2.2, 4;
    %load/vec4 v000001f89457d950_0;
    %addi 1, 0, 2;
    %assign/vec4 v000001f89457d950_0, 0;
    %pushi/vec4 0, 0, 1;
    %assign/vec4 v000001f89457f210_0, 0;
    %jmp T_2.3;
T_2.2 ;
    %pushi/vec4 0, 0, 2;
    %assign/vec4 v000001f89457d950_0, 0;
    %pushi/vec4 1, 0, 1;
    %assign/vec4 v000001f89457f210_0, 0;
T_2.3 ;
T_2.1 ;
    %jmp T_2;
    .thread T_2;
    .scope S_000001f89458fe90;
T_3 ;
    %wait E_000001f8945a9ed0;
    %pushi/vec4 0, 0, 1;
    %assign/vec4 v000001f894600db0_0, 0;
    %load/vec4 v000001f894600810_0;
    %flag_set/vec4 8;
    %jmp/0xz  T_3.0, 8;
    %pushi/vec4 0, 0, 1;
    %assign/vec4 v000001f8946004f0_0, 0;
    %pushi/vec4 0, 0, 1;
    %assign/vec4 v000001f894600db0_0, 0;
    %pushi/vec4 0, 0, 10;
    %assign/vec4 v000001f894600770_0, 0;
    %pushi/vec4 0, 0, 4;
    %assign/vec4 v000001f894600d10_0, 0;
    %pushi/vec4 1, 0, 1;
    %store/vec4 v000001f894600e50_0, 0, 1;
    %jmp T_3.1;
T_3.0 ;
    %load/vec4 v000001f8946004f0_0;
    %inv;
    %load/vec4 v000001f894600950_0;
    %and;
    %flag_set/vec4 8;
    %jmp/0xz  T_3.2, 8;
    %pushi/vec4 1, 0, 1;
    %load/vec4 v000001f894600c70_0;
    %concat/vec4; draw_concat_vec4
    %concati/vec4 0, 0, 1;
    %assign/vec4 v000001f894600770_0, 0;
    %pushi/vec4 1, 0, 1;
    %assign/vec4 v000001f8946004f0_0, 0;
    %pushi/vec4 0, 0, 4;
    %assign/vec4 v000001f894600d10_0, 0;
    %jmp T_3.3;
T_3.2 ;
    %load/vec4 v000001f8946004f0_0;
    %load/vec4 v000001f894600590_0;
    %and;
    %flag_set/vec4 8;
    %jmp/0xz  T_3.4, 8;
    %load/vec4 v000001f894600770_0;
    %ix/load 4, 1, 0;
    %flag_set/imm 4, 0;
    %shiftr 4;
    %assign/vec4 v000001f894600770_0, 0;
    %load/vec4 v000001f894600770_0;
    %parti/s 1, 0, 2;
    %assign/vec4 v000001f894600e50_0, 0;
    %load/vec4 v000001f894600d10_0;
    %addi 1, 0, 4;
    %assign/vec4 v000001f894600d10_0, 0;
    %load/vec4 v000001f894600d10_0;
    %pad/u 32;
    %cmpi/e 9, 0, 32;
    %jmp/0xz  T_3.6, 4;
    %pushi/vec4 0, 0, 1;
    %assign/vec4 v000001f8946004f0_0, 0;
    %pushi/vec4 1, 0, 1;
    %assign/vec4 v000001f894600db0_0, 0;
T_3.6 ;
T_3.4 ;
T_3.3 ;
T_3.1 ;
    %jmp T_3;
    .thread T_3;
    .scope S_000001f89453d180;
T_4 ;
    %wait E_000001f8945a9ed0;
    %pushi/vec4 0, 0, 1;
    %assign/vec4 v000001f89459d680_0, 0;
    %load/vec4 v000001f89459d720_0;
    %flag_set/vec4 8;
    %jmp/0xz  T_4.0, 8;
    %pushi/vec4 0, 0, 2;
    %assign/vec4 v000001f89458fc60_0, 0;
    %pushi/vec4 0, 0, 4;
    %assign/vec4 v000001f894600f90_0, 0;
    %pushi/vec4 0, 0, 3;
    %assign/vec4 v000001f894584bf0_0, 0;
    %pushi/vec4 0, 0, 1;
    %assign/vec4 v000001f894584c90_0, 0;
    %pushi/vec4 0, 0, 1;
    %assign/vec4 v000001f89459d680_0, 0;
    %pushi/vec4 0, 0, 8;
    %assign/vec4 v000001f89459d860_0, 0;
    %pushi/vec4 0, 0, 8;
    %assign/vec4 v000001f89453d3b0_0, 0;
    %jmp T_4.1;
T_4.0 ;
    %load/vec4 v000001f89457c2b0_0;
    %flag_set/vec4 8;
    %jmp/0xz  T_4.2, 8;
    %load/vec4 v000001f89458fc60_0;
    %dup/vec4;
    %pushi/vec4 0, 0, 2;
    %cmp/u;
    %jmp/1 T_4.4, 6;
    %dup/vec4;
    %pushi/vec4 1, 0, 2;
    %cmp/u;
    %jmp/1 T_4.5, 6;
    %dup/vec4;
    %pushi/vec4 2, 0, 2;
    %cmp/u;
    %jmp/1 T_4.6, 6;
    %dup/vec4;
    %pushi/vec4 3, 0, 2;
    %cmp/u;
    %jmp/1 T_4.7, 6;
    %pushi/vec4 0, 0, 2;
    %assign/vec4 v000001f89458fc60_0, 0;
    %jmp T_4.9;
T_4.4 ;
    %load/vec4 v000001f894584c90_0;
    %inv;
    %load/vec4 v000001f89459d7c0_0;
    %inv;
    %and;
    %flag_set/vec4 8;
    %jmp/0xz  T_4.10, 8;
    %pushi/vec4 1, 0, 2;
    %assign/vec4 v000001f89458fc60_0, 0;
    %pushi/vec4 1, 0, 1;
    %assign/vec4 v000001f894584c90_0, 0;
    %pushi/vec4 0, 0, 4;
    %assign/vec4 v000001f894600f90_0, 0;
T_4.10 ;
    %jmp T_4.9;
T_4.5 ;
    %load/vec4 v000001f894600f90_0;
    %pad/u 32;
    %cmpi/e 7, 0, 32;
    %jmp/0xz  T_4.12, 4;
    %pushi/vec4 0, 0, 4;
    %assign/vec4 v000001f894600f90_0, 0;
    %load/vec4 v000001f89459d7c0_0;
    %inv;
    %flag_set/vec4 8;
    %jmp/0xz  T_4.14, 8;
    %pushi/vec4 2, 0, 2;
    %assign/vec4 v000001f89458fc60_0, 0;
    %jmp T_4.15;
T_4.14 ;
    %pushi/vec4 0, 0, 2;
    %assign/vec4 v000001f89458fc60_0, 0;
    %pushi/vec4 0, 0, 1;
    %assign/vec4 v000001f894584c90_0, 0;
T_4.15 ;
    %jmp T_4.13;
T_4.12 ;
    %load/vec4 v000001f894600f90_0;
    %addi 1, 0, 4;
    %assign/vec4 v000001f894600f90_0, 0;
T_4.13 ;
    %jmp T_4.9;
T_4.6 ;
    %load/vec4 v000001f894600f90_0;
    %pad/u 32;
    %cmpi/e 15, 0, 32;
    %jmp/0xz  T_4.16, 4;
    %load/vec4 v000001f89459d860_0;
    %ix/load 4, 1, 0;
    %flag_set/imm 4, 0;
    %shiftr 4;
    %load/vec4 v000001f89459d7c0_0;
    %pad/u 8;
    %ix/load 4, 7, 0;
    %flag_set/imm 4, 0;
    %shiftl 4;
    %or;
    %assign/vec4 v000001f89459d860_0, 0;
    %pushi/vec4 0, 0, 4;
    %assign/vec4 v000001f894600f90_0, 0;
    %load/vec4 v000001f894584bf0_0;
    %pad/u 32;
    %cmpi/e 7, 0, 32;
    %jmp/0xz  T_4.18, 4;
    %pushi/vec4 3, 0, 2;
    %assign/vec4 v000001f89458fc60_0, 0;
    %pushi/vec4 0, 0, 3;
    %assign/vec4 v000001f894584bf0_0, 0;
    %jmp T_4.19;
T_4.18 ;
    %load/vec4 v000001f894584bf0_0;
    %addi 1, 0, 3;
    %assign/vec4 v000001f894584bf0_0, 0;
T_4.19 ;
    %jmp T_4.17;
T_4.16 ;
    %load/vec4 v000001f894600f90_0;
    %addi 1, 0, 4;
    %assign/vec4 v000001f894600f90_0, 0;
T_4.17 ;
    %jmp T_4.9;
T_4.7 ;
    %load/vec4 v000001f894600f90_0;
    %pad/u 32;
    %cmpi/e 15, 0, 32;
    %jmp/0xz  T_4.20, 4;
    %pushi/vec4 0, 0, 4;
    %assign/vec4 v000001f894600f90_0, 0;
    %pushi/vec4 0, 0, 2;
    %assign/vec4 v000001f89458fc60_0, 0;
    %pushi/vec4 0, 0, 1;
    %assign/vec4 v000001f894584c90_0, 0;
    %load/vec4 v000001f89459d7c0_0;
    %flag_set/vec4 8;
    %jmp/0xz  T_4.22, 8;
    %load/vec4 v000001f89459d860_0;
    %assign/vec4 v000001f89453d3b0_0, 0;
    %pushi/vec4 1, 0, 1;
    %assign/vec4 v000001f89459d680_0, 0;
T_4.22 ;
    %jmp T_4.21;
T_4.20 ;
    %load/vec4 v000001f894600f90_0;
    %addi 1, 0, 4;
    %assign/vec4 v000001f894600f90_0, 0;
T_4.21 ;
    %jmp T_4.9;
T_4.9 ;
    %pop/vec4 1;
T_4.2 ;
T_4.1 ;
    %jmp T_4;
    .thread T_4;
    .scope S_000001f8945846c0;
T_5 ;
    %pushi/vec4 0, 0, 32;
    %store/vec4 v000001f894602720_0, 0, 32;
    %pushi/vec4 0, 0, 32;
    %store/vec4 v000001f8946015a0_0, 0, 32;
    %pushi/vec4 0, 0, 32;
    %store/vec4 v000001f894602ae0_0, 0, 32;
    %end;
    .thread T_5;
    .scope S_000001f8945846c0;
T_6 ;
    %pushi/vec4 0, 0, 1;
    %store/vec4 v000001f894601d20_0, 0, 1;
    %end;
    .thread T_6;
    .scope S_000001f8945846c0;
T_7 ;
T_7.0 ;
    %delay 5, 0;
    %load/vec4 v000001f894601d20_0;
    %inv;
    %store/vec4 v000001f894601d20_0, 0, 1;
    %jmp T_7.0;
    %end;
    .thread T_7;
    .scope S_000001f8945846c0;
T_8 ;
    %wait E_000001f8945a9ed0;
    %load/vec4 v000001f894601f00_0;
    %flag_set/vec4 8;
    %jmp/0xz  T_8.0, 8;
    %load/vec4 v000001f894601640_0;
    %load/vec4 v000001f8946018c0_0;
    %cmp/e;
    %jmp/0xz  T_8.2, 4;
    ; show_stmt_assign_vector: Get l-value for compressed += operand
    %load/vec4 v000001f894602720_0;
    %pushi/vec4 1, 0, 32;
    %add;
    %store/vec4 v000001f894602720_0, 0, 32;
    %vpi_call 2 44 "$display", "PASS !!!" {0 0 0};
    %jmp T_8.3;
T_8.2 ;
    ; show_stmt_assign_vector: Get l-value for compressed += operand
    %load/vec4 v000001f8946015a0_0;
    %pushi/vec4 1, 0, 32;
    %add;
    %store/vec4 v000001f8946015a0_0, 0, 32;
    %vpi_call 2 48 "$display", "FAIL !!!" {0 0 0};
    %vpi_call 2 49 "$display", "FAIL : got : %h, expected : %h at time : %0t", v000001f894601640_0, v000001f8946018c0_0, $time {0 0 0};
T_8.3 ;
T_8.0 ;
    %jmp T_8;
    .thread T_8;
    .scope S_000001f8945846c0;
T_9 ;
    %vpi_call 2 56 "$dumpfile", "uart_final.vcd" {0 0 0};
    %vpi_call 2 57 "$dumpvars", 32'sb00000000000000000000000000000000, S_000001f8945846c0 {0 0 0};
    %pushi/vec4 0, 0, 1;
    %store/vec4 v000001f8946010a0_0, 0, 1;
    %pushi/vec4 0, 0, 8;
    %store/vec4 v000001f8946018c0_0, 0, 8;
    %pushi/vec4 1, 0, 1;
    %store/vec4 v000001f894601500_0, 0, 1;
    %pushi/vec4 5, 0, 32;
T_9.0 %dup/vec4;
    %pushi/vec4 0, 0, 32;
    %cmp/s;
    %jmp/1xz T_9.1, 5;
    %jmp/1 T_9.1, 4;
    %pushi/vec4 1, 0, 32;
    %sub;
    %wait E_000001f8945a9ed0;
    %jmp T_9.0;
T_9.1 ;
    %pop/vec4 1;
    %pushi/vec4 0, 0, 1;
    %store/vec4 v000001f894601500_0, 0, 1;
    %pushi/vec4 100, 0, 32;
T_9.2 %dup/vec4;
    %pushi/vec4 0, 0, 32;
    %cmp/s;
    %jmp/1xz T_9.3, 5;
    %jmp/1 T_9.3, 4;
    %pushi/vec4 1, 0, 32;
    %sub;
    %wait E_000001f8945a9ed0;
    %jmp T_9.2;
T_9.3 ;
    %pop/vec4 1;
    %pushi/vec4 0, 0, 32;
    %store/vec4 v000001f894602ae0_0, 0, 32;
T_9.4 ;
    %load/vec4 v000001f894602ae0_0;
    %cmpi/s 256, 0, 32;
    %jmp/0xz T_9.5, 5;
    %load/vec4 v000001f894602ae0_0;
    %pad/s 8;
    %store/vec4 v000001f894584400_0, 0, 8;
    %fork TD_uart_final_tb.sending_byte, S_000001f8945add90;
    %join;
    %load/vec4 v000001f894602ae0_0;
    %addi 1, 0, 32;
    %store/vec4 v000001f894602ae0_0, 0, 32;
    %jmp T_9.4;
T_9.5 ;
    %vpi_call 2 70 "$display", "PASS values : %d", v000001f894602720_0 {0 0 0};
    %vpi_call 2 71 "$display", "FAIL values : %d", v000001f8946015a0_0 {0 0 0};
    %vpi_call 2 72 "$finish" {0 0 0};
    %end;
    .thread T_9;
# The file index is used to find the file name in the following table.
:file_names 7;
    "N/A";
    "<interactive>";
    "uart_final_tb.v";
    "uart_final.v";
    "baud_rate_gen.v";
    "uart_rx.v";
    "uart_tx.v";
